// Jest Snapshot v1, https://goo.gl/fbAQLP

exports[`Connection should render 1`] = `
<div
  className="sc-bwzfXH ivdGIV"
  onClick={[Function]}
>
  <div
    className="sc-ifAKCX eVvIoj"
  >
    <div
      className="sc-htpNat krYJTA"
    >
      <img
        alt="Google Shopping"
        className="sc-bxivhb fHwuCK AknImage-display"
        src="pim_enrich_media_show"
      />
    </div>
  </div>
  <div
    className="sc-EHOje iJEEnh"
    title="Google Shopping"
  >
    Google Shopping
  </div>
</div>
`;
