// Jest Snapshot v1, https://goo.gl/fbAQLP

exports[`FlowTypeSelect should render 1`] = `
<input
  type="hidden"
/>
`;
