// Jest Snapshot v1, https://goo.gl/fbAQLP

exports[`FlowTypeHelper should render 1`] = `
Array [
  "akeneo_connectivity.connection.flow_type_helper.message",
  "Â ",
  <a
    href="akeneo_connectivity.connection.flow_type_helper.link_url"
    rel="noopener noreferrer"
    target="_blank"
  >
    akeneo_connectivity.connection.flow_type_helper.link
  </a>,
]
`;
