// Jest Snapshot v1, https://goo.gl/fbAQLP

exports[`App should render 1`] = `
Array [
  <header
    className="sc-gzVnrw gGrLow"
  >
    <div
      className="sc-htoDjs jrHPzG"
    >
      pim_apps.edit_app.subtitle
    </div>
  </header>,
  <br />,
  <form
    className="AknFormContainer"
  >
    <div
      className="AknFieldContainer"
    >
      <div
        className="AknFieldContainer-header"
      >
        <label
          className="AknFieldContainer-label"
          htmlFor="code"
        >
          pim_apps.app.code
        </label>
      </div>
      <div
        className="AknFieldContainer-inputContainer"
      >
        <input
          className="AknTextField"
          defaultValue="bynder"
          disabled={true}
          id="code"
          type="text"
        />
      </div>
    </div>
    <div
      className="AknFieldContainer"
    >
      <div
        className="AknFieldContainer-header"
      >
        <label
          className="AknFieldContainer-label"
          htmlFor="label"
        >
          pim_apps.app.label
           
          pim_common.required_label
        </label>
      </div>
      <div
        className="AknFieldContainer-inputContainer"
      >
        <input
          className="AknTextField"
          id="label"
          maxLength={100}
          name="label"
          onChange={[Function]}
          required={true}
          type="text"
          value="Bynder"
        />
      </div>
    </div>
    <div
      className="AknFieldContainer"
    >
      <div
        className="AknFieldContainer-header"
      >
        <label
          className="AknFieldContainer-label"
          htmlFor="flow_type"
        >
          pim_apps.app.flow_type
        </label>
      </div>
      <div
        className="AknFieldContainer-inputContainer"
      >
        <input
          type="hidden"
          value="data_source"
        />
      </div>
      <div
        className="AknFieldContainer-footer"
      >
        <div
          className="sc-ifAKCX gLCJQQ"
        >
          pim_apps.flow_type_helper.message
           
          <a
            href="pim_apps.flow_type_helper.link_url"
          >
            pim_apps.flow_type_helper.link
          </a>
        </div>
      </div>
    </div>
  </form>,
]
`;
