// Jest Snapshot v1, https://goo.gl/fbAQLP

exports[`AppGrid should render 1`] = `
Array [
  <header
    className="sc-gzVnrw gGrLow"
  >
    <div
      className="sc-htoDjs jrHPzG"
    >
      others
    </div>
    <div
      className="sc-dnqmqq ddEcXF"
    >
      pim_apps.app_count
    </div>
  </header>,
  <div
    className="sc-iwsKbI fNGmCJ"
  />,
]
`;
