// Jest Snapshot v1, https://goo.gl/fbAQLP

exports[`Figure should render 1`] = `
<div
  className="sc-bwzfXH ivdGIV"
>
  <div
    className="sc-ifAKCX eVvIoj"
  >
    <div
      className="sc-htpNat krYJTA"
    >
      <img
        className="sc-bxivhb fHwuCK"
      />
    </div>
  </div>
  <div
    className="sc-EHOje bjQzHG"
  />
</div>
`;
