// Jest Snapshot v1, https://goo.gl/fbAQLP

exports[`Figure should render 1`] = `
<div
  className="sc-bwzfXH ivdGIV"
>
  <div
    className="sc-bxivhb gNwQRU"
  >
    <img
      className="sc-htpNat fWxVNi"
    />
  </div>
  <div
    className="sc-ifAKCX bcBuic"
  />
</div>
`;
