// Jest Snapshot v1, https://goo.gl/fbAQLP

exports[`ConnectionGrid should render 1`] = `
Array [
  <header
    className="sc-chPdSV ezSWnC"
  >
    <div
      className="sc-kgoBCf gieNXv"
    >
      others
    </div>
    <div
      className="sc-jWBwVP hQRvtH"
    >
      akeneo_connectivity.connection.connection_count?count=0
    </div>
  </header>,
  <div
    className="sc-brqgnP ldMYlX"
  />,
]
`;
