// Jest Snapshot v1, https://goo.gl/fbAQLP

exports[`NoConnection should render 1`] = `
<div
  className="sc-iwsKbI ePPZGf"
>
  <img
    className="sc-gZMcBi czefaD"
    src="test-file-stub"
  />
  <div
    className="sc-gqjmRU fFyMPn"
  >
    akeneo_connectivity.connection.no_connection.title
  </div>
  <div
    className="sc-VigVT jnUfmZ"
  >
    akeneo_connectivity.connection.no_connection.message
    Â 
    <a
      className="sc-jWBwVP jykMRO"
      onClick={[Function]}
    >
      akeneo_connectivity.connection.no_connection.message_link
    </a>
  </div>
</div>
`;
