// Jest Snapshot v1, https://goo.gl/fbAQLP

exports[`ApplyButton should have the apply style 1`] = `
<button
  className="AknButton--apply AknButton"
  disabled={false}
  onClick={[Function]}
  type="button"
>
  content
</button>
`;
